// Jest Snapshot v1, https://goo.gl/fbAQLP

exports[`Loader Component renders as expected 1`] = `
<div
  className="loader-align"
>
  <div
    className="page-loader"
  />
  <br />
  Loading... Please Wait
</div>
`;
