// Jest Snapshot v1, https://goo.gl/fbAQLP

exports[`Uploader Component renders as expected 1`] = `
<div
  className="spacing custom-width"
>
  <div
    className="filepond--wrapper"
  >
    <input
      multiple={true}
      type="file"
    />
  </div>
</div>
`;
